// Jest Snapshot v1, https://goo.gl/fbAQLP

exports[`CognitoAdapter get a single user resolves when OK 1`] = `
{
  "cognitoGroupResponse": {
    "$metadata": {
      "attempts": 1,
      "cfId": undefined,
      "extendedRequestId": undefined,
      "httpStatusCode": 200,
      "requestId": "0f47e752-9825-4d26-b16e-d416ad536021",
      "totalRetryDelay": 0,
    },
    "Groups": [],
    "NextToken": undefined,
  },
  "cognitoResponse": {
    "$metadata": {
      "attempts": 1,
      "cfId": undefined,
      "extendedRequestId": undefined,
      "httpStatusCode": 200,
      "requestId": "fe95cde9-7de8-4e14-adba-1d36d4e93e31",
      "totalRetryDelay": 0,
    },
    "Enabled": true,
    "MFAOptions": undefined,
    "PreferredMfaSetting": undefined,
    "UserAttributes": [
      {
        "Name": "sub",
        "Value": "0d92b533-0cc1-4b0f-9e74-139d43e20c1c",
      },
      {
        "Name": "email_verified",
        "Value": "false",
      },
      {
        "Name": "email",
        "Value": "mateusz.komarnicki@elpassion.pl",
      },
    ],
    "UserCreateDate": 2022-04-05T12:41:56.421Z,
    "UserLastModifiedDate": 2022-06-01T20:07:17.889Z,
    "UserMFASettingList": undefined,
    "UserStatus": "CONFIRMED",
    "Username": "0d92b533-0cc1-4b0f-9e74-139d43e20c1c",
  },
}
`;

exports[`CognitoAdapter getGroups returns groups response 1`] = `
{
  "$metadata": {
    "attempts": 1,
    "cfId": undefined,
    "extendedRequestId": undefined,
    "httpStatusCode": 200,
    "requestId": "9a43f05d-67e8-41a8-b867-4a5f1e83ca3e",
    "totalRetryDelay": 0,
  },
  "Groups": [
    {
      "CreationDate": 2022-02-14T08:52:44.217Z,
      "Description": "Admin group",
      "GroupName": "admin-group",
      "LastModifiedDate": 2022-02-14T08:52:44.217Z,
      "Precedence": undefined,
      "RoleArn": undefined,
      "UserPoolId": "eu-west-1_V2tw24L2q",
    },
    {
      "CreationDate": 2022-02-14T08:52:44.241Z,
      "Description": "User group",
      "GroupName": "user-group",
      "LastModifiedDate": 2022-02-14T08:52:44.241Z,
      "Precedence": undefined,
      "RoleArn": undefined,
      "UserPoolId": "eu-west-1_V2tw24L2q",
    },
  ],
  "NextToken": undefined,
}
`;

exports[`CognitoAdapter update user email resolves when OK 1`] = `undefined`;
